// Jest Snapshot v1, https://goo.gl/fbAQLP

exports[`ContactUs Page matches the snapshot 1`] = `
Object {
  "nextRoot": <div
    id="__next"
  >
    <header>
      <div
        style="display:inline-block;max-width:100%;overflow:hidden;position:relative;box-sizing:border-box;margin:0"
      >
        <div
          style="box-sizing:border-box;display:block;max-width:100%"
        >
          <img
            alt=""
            aria-hidden="true"
            role="presentation"
            src="data:image/svg+xml;base64,PHN2ZyB3aWR0aD0iMzAiIGhlaWdodD0iMTI4IiB4bWxucz0iaHR0cDovL3d3dy53My5vcmcvMjAwMC9zdmciIHZlcnNpb249IjEuMSIvPg=="
            style="max-width:100%;display:block;margin:0;border:none;padding:0"
          />
        </div>
        <noscript>
          <img
            alt="Highworth Physiotherapy Clinic"
            decoding="async"
            src="/assets/logos/hpc.png"
            srcset="/_next/image?url=%2Fassets%2Flogos%2Fhpc.png&w=32&q=75 1x, /_next/image?url=%2Fassets%2Flogos%2Fhpc.png&w=64&q=75 2x"
            style="position:absolute;top:0;left:0;bottom:0;right:0;box-sizing:border-box;padding:0;border:none;margin:auto;display:block;width:0;height:0;min-width:100%;max-width:100%;min-height:100%;max-height:100%"
          />
        </noscript>
        <img
          alt="Highworth Physiotherapy Clinic"
          decoding="async"
          src="data:image/gif;base64,R0lGODlhAQABAIAAAAAAAP///yH5BAEAAAAALAAAAAABAAEAAAIBRAA7"
          style="position:absolute;top:0;left:0;bottom:0;right:0;box-sizing:border-box;padding:0;border:none;margin:auto;display:block;width:0;height:0;min-width:100%;max-width:100%;min-height:100%;max-height:100%"
        />
      </div>
      <h1>
        Highworth Physiotherapy Clinic
      </h1>
      <address>
        <h2>
          tel: 
          <a
            href="tel:+441793763814"
          >
            01793 763814
          </a>
        </h2>
      </address>
      <nav>
        <a
          href="/"
        >
          Home
        </a>
        <a
          href="/facilities"
        >
          Facilities
        </a>
        <a
          href="/physiotherapy"
        >
          Physiotherapy
        </a>
        <a
          href="/animals"
        >
          Animals
        </a>
        <a
          href="/meet-the-team"
        >
          Meet the Team
        </a>
        <a
          href="/faq"
        >
          FAQ's
        </a>
        <a
          href="/contact"
        >
          Contact Us
        </a>
      </nav>
    </header>
    <main>
      <h1>
        CONTACT US
      </h1>
      <p>
        If you wish to book an appointment, please call us on 
        <a
          href="tel:+441793763814"
        >
          01793 763814
        </a>
        .
      </p>
      <h2>
        How to find us
      </h2>
      <p>
        We are located at 13 High Street, Highworth, just down from the main square, located between the King and Queen Pub and the Old Bakery.
      </p>
      <iframe
        allowfullscreen=""
        loading="lazy"
        src="https://www.google.com/maps/embed?pb=!1m18!1m12!1m3!1d880.7373636506683!2d-1.7109584980516754!3d51.63042301069111!2m3!1f0!2f0!3f0!3m2!1i1024!2i768!4f13.1!3m3!1m2!1s0x487148625caf79a5%3A0xfd8b60c3a023fce!2sHighworth%20Physiotherapy%20Clinic!5e1!3m2!1sen!2suk!4v1619650580444!5m2!1sen!2suk"
        title="Map to Highworth Physiotherapy Clinic"
      />
      <h2>
        Opening hours
      </h2>
      <p>
        Our opening hours are
      </p>
      <table>
        <tbody>
          <tr>
            <td>
              Monday
            </td>
            <td>
              9:00 - 17:00
            </td>
          </tr>
          <tr>
            <td>
              Tuesday
            </td>
            <td>
              9:00 - 16:00
            </td>
          </tr>
          <tr>
            <td>
              Wednesday
            </td>
            <td>
              9:00 - 15:00
            </td>
          </tr>
          <tr>
            <td>
              Thursday
            </td>
            <td>
              9:00 - 16:30
            </td>
          </tr>
          <tr>
            <td>
              Friday
            </td>
            <td>
              9:00 - 16:00
            </td>
          </tr>
          <tr>
            <td>
              Saturday
            </td>
            <td>
              Closed
            </td>
          </tr>
          <tr>
            <td>
              Sunday
            </td>
            <td>
              Closed
            </td>
          </tr>
        </tbody>
      </table>
    </main>
    <footer>
      <div>
        <p>
          Find us on Facebook
        </p>
        <a
          href="https://www.facebook.com/HighworthPhysio/"
          rel="noopener noreferrer"
          target="_blank"
        >
          <div
            style="display:inline-block;max-width:100%;overflow:hidden;position:relative;box-sizing:border-box;margin:0"
          >
            <div
              style="box-sizing:border-box;display:block;max-width:100%"
            >
              <img
                alt=""
                aria-hidden="true"
                role="presentation"
                src="data:image/svg+xml;base64,PHN2ZyB3aWR0aD0iMzIiIGhlaWdodD0iMzIiIHhtbG5zPSJodHRwOi8vd3d3LnczLm9yZy8yMDAwL3N2ZyIgdmVyc2lvbj0iMS4xIi8+"
                style="max-width:100%;display:block;margin:0;border:none;padding:0"
              />
            </div>
            <noscript>
              <img
                alt="Find us on Facebook"
                decoding="async"
                src="/assets/logos/facebook.png"
                srcset="/_next/image?url=%2Fassets%2Flogos%2Ffacebook.png&w=32&q=75 1x, /_next/image?url=%2Fassets%2Flogos%2Ffacebook.png&w=64&q=75 2x"
                style="position:absolute;top:0;left:0;bottom:0;right:0;box-sizing:border-box;padding:0;border:none;margin:auto;display:block;width:0;height:0;min-width:100%;max-width:100%;min-height:100%;max-height:100%"
              />
            </noscript>
            <img
              alt="Find us on Facebook"
              decoding="async"
              src="data:image/gif;base64,R0lGODlhAQABAIAAAAAAAP///yH5BAEAAAAALAAAAAABAAEAAAIBRAA7"
              style="position:absolute;top:0;left:0;bottom:0;right:0;box-sizing:border-box;padding:0;border:none;margin:auto;display:block;width:0;height:0;min-width:100%;max-width:100%;min-height:100%;max-height:100%"
            />
          </div>
        </a>
      </div>
      <div>
        <p>
          All of our physios are registered with at least one of the following regulatory bodies:
        </p>
        <ul>
          <li>
            <a
              href="https://www.csp.org.uk/"
              rel="noopener noreferrer"
              target="_blank"
            >
              <abbr
                title="Chartered Society of Physiotherapists"
              >
                CSP
              </abbr>
            </a>
          </li>
          <li>
            <a
              href="https://www.hcpc-uk.org/"
              rel="noopener noreferrer"
              target="_blank"
            >
              <abbr
                title="Health and Care Professions Council"
              >
                HCPC
              </abbr>
            </a>
          </li>
          <li>
            <a
              href="https://www.physiofirst.org.uk/"
              rel="noopener noreferrer"
              target="_blank"
            >
              Physio First
            </a>
          </li>
          <li>
            <a
              href="https://www.aacp.org.uk/"
              rel="noopener noreferrer"
              target="_blank"
            >
              <abbr
                title="Acupuncture Association of Chartered Physiotherapists"
              >
                AACP
              </abbr>
            </a>
          </li>
          <li>
            <a
              href="https://www.acpat.org/"
              rel="noopener noreferrer"
              target="_blank"
            >
              <abbr
                title="Association of Chartered Physiotherapists in Animal Therapy"
              >
                ACPAT
              </abbr>
            </a>
          </li>
          <li>
            <a
              href="https://www.rampregister.org/"
              rel="noopener noreferrer"
              target="_blank"
            >
              <abbr
                title="Register of Animal Musculoskeletal Practitioners"
              >
                RAMP
              </abbr>
            </a>
          </li>
        </ul>
      </div>
    </footer>
  </div>,
}
`;
